// Jest Snapshot v1, https://goo.gl/fbAQLP

exports[`should render Loading component correctly 1`] = `
<ActivityIndicator
  animating={true}
  color="#0000ff"
  hidesWhenStopped={true}
  size="large"
/>
`;
