// Jest Snapshot v1, https://goo.gl/fbAQLP

exports[`should render HotPost component correctly 1`] = `
<FlatList
  disableVirtualization={false}
  horizontal={false}
  initialNumToRender={10}
  keyExtractor={[Function]}
  maxToRenderPerBatch={10}
  numColumns={1}
  onEndReachedThreshold={2}
  refreshControl={
    <RefreshControlMock
      onRefresh={[Function]}
    />
  }
  renderItem={[Function]}
  scrollEventThrottle={50}
  updateCellsBatchingPeriod={50}
  windowSize={21}
/>
`;
